[26Oct2024 00:00:08.403] [Server thread/INFO] [net.minecraft.server.MinecraftServer/]: [Not Secure] <JiameV> a ver si funciona
[26Oct2024 00:00:11.014] [Server thread/INFO] [net.minecraft.server.MinecraftServer/]: [Not Secure] <awakate27> que es esta payaseria
[26Oct2024 00:00:45.400] [Server thread/INFO] [net.minecraft.server.MinecraftServer/]: [Not Secure] <awakate27> muy lento
[26Oct2024 00:00:51.915] [Server thread/INFO] [net.minecraft.server.MinecraftServer/]: [JiameV: Set awakate27's game mode to Survival Mode]
[26Oct2024 00:00:54.100] [Server thread/INFO] [net.minecraft.server.MinecraftServer/]: [Not Secure] <awakate27> de aqui a q lo escriba pasaron 4 horas
[26Oct2024 00:01:03.978] [Server thread/INFO] [net.minecraft.server.MinecraftServer/]: awakate27 has made the advancement [Acquire Hardware]
[26Oct2024 00:01:05.454] [Server thread/INFO] [net.minecraft.server.MinecraftServer/]: [Not Secure] <awakate27> dame comida
[26Oct2024 00:01:05.726] [Server thread/INFO] [net.minecraft.server.MinecraftServer/]: awakate27 has made the advancement [Isn't It Iron Pick]
[26Oct2024 00:01:15.727] [Server thread/INFO] [net.minecraft.server.MinecraftServer/]: [Not Secure] <JiameV> ya te subiste los niveles?
[26Oct2024 00:01:21.902] [Server thread/INFO] [net.minecraft.server.MinecraftServer/]: [Not Secure] <awakate27> si
[26Oct2024 00:01:44.378] [Server thread/INFO] [net.minecraft.server.MinecraftServer/]: [Not Secure] <awakate27> alv
[26Oct2024 00:01:50.978] [Server thread/INFO] [net.minecraft.server.MinecraftServer/]: [Not Secure] <JiameV> subete los niveles
[26Oct2024 00:01:54.574] [Server thread/INFO] [net.minecraft.server.MinecraftServer/]: [Not Secure] <awakate27> ya
[26Oct2024 00:02:15.230] [Server thread/INFO] [net.minecraft.server.MinecraftServer/]: [Not Secure] <JiameV> deja de llenarme el inv de basura grr
[26Oct2024 00:02:22.035] [Server thread/INFO] [net.minecraft.server.MinecraftServer/]: [Not Secure] <JiameV> mira
[26Oct2024 00:02:23.847] [Server thread/INFO] [net.minecraft.server.MinecraftServer/]: [JiameV: Teleported JiameV to awakate27]
[26Oct2024 00:02:24.290] [Server thread/INFO] [net.minecraft.server.MinecraftServer/]: [Not Secure] <awakate27> xD
[26Oct2024 00:02:27.242] [Server thread/INFO] [net.minecraft.server.MinecraftServer/]: [Not Secure] <awakate27> como
[26Oct2024 00:02:28.010] [Server thread/INFO] [net.minecraft.server.MinecraftServer/]: [JiameV: Teleported JiameV to awakate27]
[26Oct2024 00:02:32.056] [Server thread/WARN] [net.minecraft.server.network.ServerGamePacketListenerImpl/]: JiameV moved too quickly! 7.268062980191431,0.0,7.87762598258702
[26Oct2024 00:02:32.556] [Server thread/INFO] [net.minecraft.server.MinecraftServer/]: [Not Secure] <awakate27> y no pregunta
[26Oct2024 00:02:46.707] [Server thread/WARN] [net.minecraft.server.network.ServerGamePacketListenerImpl/]: JiameV moved too quickly! -10.499363795189325,0.0,-10.722235190764764
[26Oct2024 00:02:48.225] [Server thread/WARN] [net.minecraft.server.network.ServerGamePacketListenerImpl/]: JiameV moved too quickly! 16.0,0.0,16.0
[26Oct2024 00:02:50.827] [Server thread/WARN] [net.minecraft.server.network.ServerGamePacketListenerImpl/]: JiameV moved too quickly! -24.71225828728224,0.0,-24.934962366057086
[26Oct2024 00:02:54.011] [Server thread/INFO] [net.minecraft.server.MinecraftServer/]: [Not Secure] <awakate27> ya conseguiste las pet?
[26Oct2024 00:02:55.483] [Server thread/INFO] [net.minecraft.server.MinecraftServer/]: [Not Secure] <awakate27> diosmio
[26Oct2024 00:03:02.563] [Server thread/INFO] [net.minecraft.server.MinecraftServer/]: awakate27 has made the advancement [Suit Up]
[26Oct2024 00:03:02.925] [Server thread/INFO] [net.minecraft.server.MinecraftServer/]: [Not Secure] <JiameV> la cabra prendida en candela.
[26Oct2024 00:03:33.175] [Server thread/INFO] [net.minecraft.server.MinecraftServer/]: awakate27 has reached the goal [Worthy Equipment]
[26Oct2024 00:03:33.176] [Server thread/INFO] [net.minecraft.server.MinecraftServer/]: awakate27 has completed the challenge [He Wasn't So Strong]
[26Oct2024 00:03:33.177] [Server thread/INFO] [net.minecraft.server.MinecraftServer/]: awakate27 has made the advancement [Apothic Affixes]
[26Oct2024 00:03:36.775] [Server thread/INFO] [net.minecraft.server.MinecraftServer/]: [Not Secure] <awakate27> q
[26Oct2024 00:03:41.633] [Server thread/INFO] [net.minecraft.server.MinecraftServer/]: [Not Secure] <awakate27> alv
[26Oct2024 00:03:48.038] [Server thread/INFO] [net.minecraft.server.MinecraftServer/]: [Not Secure] <awakate27> y paq me dejaste hacer los pantalones..
[26Oct2024 00:04:21.194] [Server thread/INFO] [net.minecraft.server.MinecraftServer/]: [Not Secure] <JiameV> vamos a vc
